// Jest Snapshot v1, https://goo.gl/fbAQLP

exports[`matches snapshot 1`] = `
<div
  className="fade alert alert-danger show"
  data-testid="alert"
  role="alert"
>
  Error
</div>
`;
